/usr/share/dotnet/sdk/10.0.102/Sdks/Microsoft.NET.Sdk/targets/Microsoft.PackageDependencyResolution.targets(266,5): error NETSDK1004: Assets file '/home/runner/work/tfplan2md/tfplan2md/src/Oocx.TfPlan2Md/obj/project.assets.json' not found. Run a NuGet package restore to generate this file. [/home/runner/work/tfplan2md/tfplan2md/src/Oocx.TfPlan2Md/Oocx.TfPlan2Md.csproj]
/usr/share/dotnet/sdk/10.0.102/Sdks/Microsoft.NET.Sdk/targets/Microsoft.PackageDependencyResolution.targets(266,5): error NETSDK1004: Assets file '/home/runner/work/tfplan2md/tfplan2md/src/tests/Oocx.TfPlan2Md.TUnit/obj/project.assets.json' not found. Run a NuGet package restore to generate this file. [/home/runner/work/tfplan2md/tfplan2md/src/tests/Oocx.TfPlan2Md.TUnit/Oocx.TfPlan2Md.TUnit.csproj]
/usr/share/dotnet/sdk/10.0.102/Sdks/Microsoft.NET.Sdk/targets/Microsoft.PackageDependencyResolution.targets(266,5): error NETSDK1004: Assets file '/home/runner/work/tfplan2md/tfplan2md/src/tools/Oocx.TfPlan2Md.CoverageEnforcer/obj/project.assets.json' not found. Run a NuGet package restore to generate this file. [/home/runner/work/tfplan2md/tfplan2md/src/tools/Oocx.TfPlan2Md.CoverageEnforcer/Oocx.TfPlan2Md.CoverageEnforcer.csproj]
/usr/share/dotnet/sdk/10.0.102/Sdks/Microsoft.NET.Sdk/targets/Microsoft.PackageDependencyResolution.targets(266,5): error NETSDK1004: Assets file '/home/runner/work/tfplan2md/tfplan2md/src/tools/Oocx.TfPlan2Md.HtmlRenderer/obj/project.assets.json' not found. Run a NuGet package restore to generate this file. [/home/runner/work/tfplan2md/tfplan2md/src/tools/Oocx.TfPlan2Md.HtmlRenderer/Oocx.TfPlan2Md.HtmlRenderer.csproj]
/usr/share/dotnet/sdk/10.0.102/Sdks/Microsoft.NET.Sdk/targets/Microsoft.PackageDependencyResolution.targets(266,5): error NETSDK1004: Assets file '/home/runner/work/tfplan2md/tfplan2md/src/tools/Oocx.TfPlan2Md.ScreenshotGenerator/obj/project.assets.json' not found. Run a NuGet package restore to generate this file. [/home/runner/work/tfplan2md/tfplan2md/src/tools/Oocx.TfPlan2Md.ScreenshotGenerator/Oocx.TfPlan2Md.ScreenshotGenerator.csproj]
/usr/share/dotnet/sdk/10.0.102/Sdks/Microsoft.NET.Sdk/targets/Microsoft.PackageDependencyResolution.targets(266,5): error NETSDK1004: Assets file '/home/runner/work/tfplan2md/tfplan2md/src/tools/Oocx.TfPlan2Md.TerraformShowRenderer/obj/project.assets.json' not found. Run a NuGet package restore to generate this file. [/home/runner/work/tfplan2md/tfplan2md/src/tools/Oocx.TfPlan2Md.TerraformShowRenderer/Oocx.TfPlan2Md.TerraformShowRenderer.csproj]

Build FAILED.

/usr/share/dotnet/sdk/10.0.102/Sdks/Microsoft.NET.Sdk/targets/Microsoft.PackageDependencyResolution.targets(266,5): error NETSDK1004: Assets file '/home/runner/work/tfplan2md/tfplan2md/src/Oocx.TfPlan2Md/obj/project.assets.json' not found. Run a NuGet package restore to generate this file. [/home/runner/work/tfplan2md/tfplan2md/src/Oocx.TfPlan2Md/Oocx.TfPlan2Md.csproj]
/usr/share/dotnet/sdk/10.0.102/Sdks/Microsoft.NET.Sdk/targets/Microsoft.PackageDependencyResolution.targets(266,5): error NETSDK1004: Assets file '/home/runner/work/tfplan2md/tfplan2md/src/tests/Oocx.TfPlan2Md.TUnit/obj/project.assets.json' not found. Run a NuGet package restore to generate this file. [/home/runner/work/tfplan2md/tfplan2md/src/tests/Oocx.TfPlan2Md.TUnit/Oocx.TfPlan2Md.TUnit.csproj]
/usr/share/dotnet/sdk/10.0.102/Sdks/Microsoft.NET.Sdk/targets/Microsoft.PackageDependencyResolution.targets(266,5): error NETSDK1004: Assets file '/home/runner/work/tfplan2md/tfplan2md/src/tools/Oocx.TfPlan2Md.CoverageEnforcer/obj/project.assets.json' not found. Run a NuGet package restore to generate this file. [/home/runner/work/tfplan2md/tfplan2md/src/tools/Oocx.TfPlan2Md.CoverageEnforcer/Oocx.TfPlan2Md.CoverageEnforcer.csproj]
/usr/share/dotnet/sdk/10.0.102/Sdks/Microsoft.NET.Sdk/targets/Microsoft.PackageDependencyResolution.targets(266,5): error NETSDK1004: Assets file '/home/runner/work/tfplan2md/tfplan2md/src/tools/Oocx.TfPlan2Md.HtmlRenderer/obj/project.assets.json' not found. Run a NuGet package restore to generate this file. [/home/runner/work/tfplan2md/tfplan2md/src/tools/Oocx.TfPlan2Md.HtmlRenderer/Oocx.TfPlan2Md.HtmlRenderer.csproj]
/usr/share/dotnet/sdk/10.0.102/Sdks/Microsoft.NET.Sdk/targets/Microsoft.PackageDependencyResolution.targets(266,5): error NETSDK1004: Assets file '/home/runner/work/tfplan2md/tfplan2md/src/tools/Oocx.TfPlan2Md.ScreenshotGenerator/obj/project.assets.json' not found. Run a NuGet package restore to generate this file. [/home/runner/work/tfplan2md/tfplan2md/src/tools/Oocx.TfPlan2Md.ScreenshotGenerator/Oocx.TfPlan2Md.ScreenshotGenerator.csproj]
/usr/share/dotnet/sdk/10.0.102/Sdks/Microsoft.NET.Sdk/targets/Microsoft.PackageDependencyResolution.targets(266,5): error NETSDK1004: Assets file '/home/runner/work/tfplan2md/tfplan2md/src/tools/Oocx.TfPlan2Md.TerraformShowRenderer/obj/project.assets.json' not found. Run a NuGet package restore to generate this file. [/home/runner/work/tfplan2md/tfplan2md/src/tools/Oocx.TfPlan2Md.TerraformShowRenderer/Oocx.TfPlan2Md.TerraformShowRenderer.csproj]
    0 Warning(s)
    6 Error(s)

Time Elapsed 00:00:02.08
