/home/runner/.nuget/packages/microsoft.testing.platform.msbuild/2.0.2/buildMultiTargeting/Microsoft.Testing.Platform.MSBuild.targets(263,5): error : Testing with VSTest target is no longer supported by Microsoft.Testing.Platform on .NET 10 SDK and later. If you use dotnet test, you should opt-in to the new dotnet test experience. For more information, see https://aka.ms/dotnet-test-mtp-error [/home/runner/work/tfplan2md/tfplan2md/src/tests/Oocx.TfPlan2Md.TUnit/Oocx.TfPlan2Md.TUnit.csproj]
